
  .   ____          _            __ _ _
 /\\ / ___'_ __ _ _(_)_ __  __ _ \ \ \ \
( ( )\___ | '_ | '_| | '_ \/ _` | \ \ \ \
 \\/  ___)| |_)| | | | | || (_| |  ) ) ) )
  '  |____| .__|_| |_|_| |_\__, | / / / /
 =========|_|==============|___/=/_/_/_/

 :: Spring Boot ::                (v3.5.4)

2026-08-12T14:41:49.383+05:30  INFO 21480 --- [jet-backend] [           main] com.jet.backend.JetBackendApplication    : Starting JetBackendApplication v0.0.1-SNAPSHOT using Java 21.0.11 with PID 21480 (E:\JET System\Backend\target\backend-0.0.1-SNAPSHOT.jar started by guest203 in E:\JET System\Backend)
2026-08-12T14:41:49.409+05:30  INFO 21480 --- [jet-backend] [           main] com.jet.backend.JetBackendApplication    : No active profile set, falling back to 1 default profile: "default"
2026-08-12T14:41:52.017+05:30  INFO 21480 --- [jet-backend] [           main] .s.d.r.c.RepositoryConfigurationDelegate : Bootstrapping Spring Data JPA repositories in DEFAULT mode.
2026-08-12T14:41:52.380+05:30  INFO 21480 --- [jet-backend] [           main] .s.d.r.c.RepositoryConfigurationDelegate : Finished Spring Data repository scanning in 305 ms. Found 22 JPA repository interfaces.
2026-08-12T14:41:54.508+05:30  INFO 21480 --- [jet-backend] [           main] o.s.b.w.embedded.tomcat.TomcatWebServer  : Tomcat initialized with port 8080 (http)
2026-08-12T14:41:54.617+05:30  INFO 21480 --- [jet-backend] [           main] o.apache.catalina.core.StandardService   : Starting service [Tomcat]
2026-08-12T14:41:54.618+05:30  INFO 21480 --- [jet-backend] [           main] o.apache.catalina.core.StandardEngine    : Starting Servlet engine: [Apache Tomcat/10.1.43]
2026-08-12T14:41:54.684+05:30  INFO 21480 --- [jet-backend] [           main] o.a.c.c.C.[Tomcat].[localhost].[/]       : Initializing Spring embedded WebApplicationContext
2026-08-12T14:41:54.687+05:30  INFO 21480 --- [jet-backend] [           main] w.s.c.ServletWebServerApplicationContext : Root WebApplicationContext: initialization completed in 5145 ms
2026-08-12T14:41:55.139+05:30  INFO 21480 --- [jet-backend] [           main] o.hibernate.jpa.internal.util.LogHelper  : HHH000204: Processing PersistenceUnitInfo [name: default]
2026-08-12T14:41:55.461+05:30  INFO 21480 --- [jet-backend] [           main] org.hibernate.Version                    : HHH000412: Hibernate ORM core version 6.6.22.Final
2026-08-12T14:41:55.580+05:30  INFO 21480 --- [jet-backend] [           main] o.h.c.internal.RegionFactoryInitiator    : HHH000026: Second-level cache disabled
2026-08-12T14:41:56.682+05:30  INFO 21480 --- [jet-backend] [           main] o.s.o.j.p.SpringPersistenceUnitInfo      : No LoadTimeWeaver setup: ignoring JPA class transformer
2026-08-12T14:41:56.791+05:30  INFO 21480 --- [jet-backend] [           main] com.zaxxer.hikari.HikariDataSource       : HikariPool-1 - Starting...
2026-08-12T14:41:57.373+05:30  INFO 21480 --- [jet-backend] [           main] com.zaxxer.hikari.pool.HikariPool        : HikariPool-1 - Added connection com.mysql.cj.jdbc.ConnectionImpl@1aaf46e6
2026-08-12T14:41:57.383+05:30  INFO 21480 --- [jet-backend] [           main] com.zaxxer.hikari.HikariDataSource       : HikariPool-1 - Start completed.
2026-08-12T14:41:57.491+05:30  WARN 21480 --- [jet-backend] [           main] org.hibernate.orm.deprecation            : HHH90000025: MySQLDialect does not need to be specified explicitly using 'hibernate.dialect' (remove the property setting and it will be selected by default)
2026-08-12T14:41:57.544+05:30  INFO 21480 --- [jet-backend] [           main] org.hibernate.orm.connections.pooling    : HHH10001005: Database info:
	Database JDBC URL [Connecting through datasource 'HikariDataSource (HikariPool-1)']
	Database driver: undefined/unknown
	Database version: 8.0.46
	Autocommit mode: undefined/unknown
	Isolation level: undefined/unknown
	Minimum pool size: undefined/unknown
	Maximum pool size: undefined/unknown
2026-08-12T14:42:00.175+05:30  INFO 21480 --- [jet-backend] [           main] o.h.e.t.j.p.i.JtaPlatformInitiator       : HHH000489: No JTA platform available (set 'hibernate.transaction.jta.platform' to enable JTA platform integration)
2026-08-12T14:42:00.584+05:30  INFO 21480 --- [jet-backend] [           main] j.LocalContainerEntityManagerFactoryBean : Initialized JPA EntityManagerFactory for persistence unit 'default'
2026-08-12T14:42:03.993+05:30  WARN 21480 --- [jet-backend] [           main] .s.s.UserDetailsServiceAutoConfiguration : 

Using generated security password: 5dbc2713-3873-4221-84ec-91abfb54a9e2

This generated password is for development use only. Your security configuration must be updated before running your application in production.

2026-08-12T14:42:04.085+05:30  INFO 21480 --- [jet-backend] [           main] r$InitializeUserDetailsManagerConfigurer : Global AuthenticationManager configured with UserDetailsService bean with name inMemoryUserDetailsManager
2026-08-12T14:42:05.511+05:30  INFO 21480 --- [jet-backend] [           main] o.s.b.w.embedded.tomcat.TomcatWebServer  : Tomcat started on port 8080 (http) with context path '/'
2026-08-12T14:42:05.638+05:30  INFO 21480 --- [jet-backend] [           main] com.jet.backend.JetBackendApplication    : Started JetBackendApplication in 17.683 seconds (process running for 19.327)
2026-08-12T14:42:05.677+05:30  INFO 21480 --- [jet-backend] [nio-8080-exec-1] o.a.c.c.C.[Tomcat].[localhost].[/]       : Initializing Spring DispatcherServlet 'dispatcherServlet'
2026-08-12T14:42:05.736+05:30  INFO 21480 --- [jet-backend] [nio-8080-exec-1] o.s.web.servlet.DispatcherServlet        : Initializing Servlet 'dispatcherServlet'
2026-08-12T14:42:05.746+05:30  INFO 21480 --- [jet-backend] [nio-8080-exec-1] o.s.web.servlet.DispatcherServlet        : Completed initialization in 4 ms
2026-08-12T14:42:11.481+05:30  INFO 21480 --- [jet-backend] [nio-8080-exec-1] o.springdoc.api.AbstractOpenApiResource  : Init duration for springdoc-openapi is: 5607 ms
2026-08-12T14:42:23.943+05:30  INFO 21480 --- [jet-backend] [nio-8080-exec-3] o.springdoc.api.AbstractOpenApiResource  : Init duration for springdoc-openapi is: 4345 ms
